I0702 18:42:51.081838   24680 load.go:31] Reloading schema and connectors...
I0702 18:42:51.096315   24680 control.go:100] [projects/emulator/locations/emulator/services/skild-f53ec-service 1427] UpdateResources(): done
Main schema: sources: schema\schema.gql [908B] 
Connector "example": sources: 
E0702 18:42:51.105059   24680 load.go:95] Errors generating SDK: [connector "example"]: invalid Data Connect Connector no query found in connector
I0702 18:42:51.107060   24680 collector.go:107] schema extensions wrote into "E:\\CODES\\Projects\\My-Projects\\skild\\dataconnect\\.dataconnect\\schema"
Generated sources: main\implicit.gql [266B] main\input.gql [16145B] main\relation.gql [6578B] main\query.gql [2404B] prelude.gql [84995B] main\mutation.gql [6444B] 
I0702 18:42:51.111409   24680 load.go:109] Finished reloading
I0702 18:42:51.115441   24680 dev.go:104] Listening on address (HTTP + gRPC): 127.0.0.1:9399
I0702 18:42:51.117442   24680 dev.go:104] Listening on address (HTTP + gRPC): [::1]:9399
I0702 18:42:56.261416   24680 migrate.go:24] Running migration SQL:
Step 1: CREATE EXTENSION IF NOT EXISTS "uuid-ossp"
Step 2: CREATE TABLE "public"."user" ("clerk_id" text NOT NULL, "email" text NOT NULL, "image_url" text NULL, "username" text NULL, PRIMARY KEY ("clerk_id"))
Step 3: CREATE UNIQUE INDEX "user_clerkId_uidx" ON "public"."user" ("clerk_id")
Step 4: CREATE TABLE "public"."skill" ("id" uuid NOT NULL DEFAULT uuid_generate_v4(), "author_clerk_id" text NOT NULL, "created_at" timestamptz NOT NULL, "description" text NOT NULL, "install_command" text NOT NULL, "prompt_config" text NOT NULL, "tags" text[] NOT NULL, "title" text NOT NULL, "usage_example" text NOT NULL, PRIMARY KEY ("id"), CONSTRAINT "skill_author_clerk_id_fkey" FOREIGN KEY ("author_clerk_id") REFERENCES "public"."user" ("clerk_id") ON DELETE CASCADE)
Step 5: CREATE INDEX "skill_authorClerkId_idx" ON "public"."skill" ("author_clerk_id")
I0702 18:42:56.364502   24680 control.go:100] [projects/emulator/locations/emulator/services/skild-f53ec-service 95f8] UpdateResources(): done
Main schema: sources: schema\schema.gql [908B] 
Connector "example": sources: 
I0702 18:42:56.520789   24680 configure_emulator.go:21] ConfigureEmulator successed
Request: service_id:  "skild-f53ec-service"
connection_string:  "postgres://127.0.0.1:5432/skild-f53ec-database?sslmode=disable"
database:  "skild-f53ec-database"

Response: 
E0702 18:50:11.114908   24680 watch.go:40] Failed to load config from "E:\\CODES\\Projects\\My-Projects\\skild\\dataconnect": could not read connector.yaml at `E:\CODES\Projects\My-Projects\skild\dataconnect\example\connector.yaml`: open E:\CODES\Projects\My-Projects\skild\dataconnect\example\connector.yaml: The system cannot find the path specified.
E0702 18:50:21.114737   24680 watch.go:40] Failed to load config from "E:\\CODES\\Projects\\My-Projects\\skild\\dataconnect": could not read connector.yaml at `E:\CODES\Projects\My-Projects\skild\dataconnect\example\connector.yaml`: open E:\CODES\Projects\My-Projects\skild\dataconnect\example\connector.yaml: The system cannot find the path specified.
E0702 18:50:31.114618   24680 watch.go:40] Failed to load config from "E:\\CODES\\Projects\\My-Projects\\skild\\dataconnect": could not read connector.yaml at `E:\CODES\Projects\My-Projects\skild\dataconnect\example\connector.yaml`: open E:\CODES\Projects\My-Projects\skild\dataconnect\example\connector.yaml: The system cannot find the path specified.
E0702 18:50:41.114823   24680 watch.go:40] Failed to load config from "E:\\CODES\\Projects\\My-Projects\\skild\\dataconnect": could not read connector.yaml at `E:\CODES\Projects\My-Projects\skild\dataconnect\example\connector.yaml`: open E:\CODES\Projects\My-Projects\skild\dataconnect\example\connector.yaml: The system cannot find the path specified.
E0702 18:50:51.114953   24680 watch.go:40] Failed to load config from "E:\\CODES\\Projects\\My-Projects\\skild\\dataconnect": could not read connector.yaml at `E:\CODES\Projects\My-Projects\skild\dataconnect\example\connector.yaml`: open E:\CODES\Projects\My-Projects\skild\dataconnect\example\connector.yaml: The system cannot find the path specified.
E0702 18:51:01.114967   24680 watch.go:40] Failed to load config from "E:\\CODES\\Projects\\My-Projects\\skild\\dataconnect": could not read connector.yaml at `E:\CODES\Projects\My-Projects\skild\dataconnect\example\connector.yaml`: open E:\CODES\Projects\My-Projects\skild\dataconnect\example\connector.yaml: The system cannot find the path specified.
E0702 18:51:11.114884   24680 watch.go:40] Failed to load config from "E:\\CODES\\Projects\\My-Projects\\skild\\dataconnect": could not read connector.yaml at `E:\CODES\Projects\My-Projects\skild\dataconnect\example\connector.yaml`: open E:\CODES\Projects\My-Projects\skild\dataconnect\example\connector.yaml: The system cannot find the path specified.
E0702 18:51:21.114615   24680 watch.go:40] Failed to load config from "E:\\CODES\\Projects\\My-Projects\\skild\\dataconnect": could not read connector.yaml at `E:\CODES\Projects\My-Projects\skild\dataconnect\example\connector.yaml`: open E:\CODES\Projects\My-Projects\skild\dataconnect\example\connector.yaml: The system cannot find the path specified.
E0702 18:51:31.114524   24680 watch.go:40] Failed to load config from "E:\\CODES\\Projects\\My-Projects\\skild\\dataconnect": could not read connector.yaml at `E:\CODES\Projects\My-Projects\skild\dataconnect\example\connector.yaml`: open E:\CODES\Projects\My-Projects\skild\dataconnect\example\connector.yaml: The system cannot find the path specified.
E0702 18:51:41.114532   24680 watch.go:40] Failed to load config from "E:\\CODES\\Projects\\My-Projects\\skild\\dataconnect": could not read connector.yaml at `E:\CODES\Projects\My-Projects\skild\dataconnect\example\connector.yaml`: open E:\CODES\Projects\My-Projects\skild\dataconnect\example\connector.yaml: The system cannot find the path specified.
E0702 18:51:51.114694   24680 watch.go:40] Failed to load config from "E:\\CODES\\Projects\\My-Projects\\skild\\dataconnect": could not read connector.yaml at `E:\CODES\Projects\My-Projects\skild\dataconnect\example\connector.yaml`: open E:\CODES\Projects\My-Projects\skild\dataconnect\example\connector.yaml: The system cannot find the path specified.
E0702 18:52:01.114888   24680 watch.go:40] Failed to load config from "E:\\CODES\\Projects\\My-Projects\\skild\\dataconnect": could not read connector.yaml at `E:\CODES\Projects\My-Projects\skild\dataconnect\example\connector.yaml`: open E:\CODES\Projects\My-Projects\skild\dataconnect\example\connector.yaml: The system cannot find the path specified.
E0702 18:52:14.293207   24680 watch.go:40] Failed to load config from "E:\\CODES\\Projects\\My-Projects\\skild\\dataconnect": could not read connector.yaml at `E:\CODES\Projects\My-Projects\skild\dataconnect\example\connector.yaml`: open E:\CODES\Projects\My-Projects\skild\dataconnect\example\connector.yaml: The system cannot find the path specified.
E0702 18:52:24.293159   24680 watch.go:40] Failed to load config from "E:\\CODES\\Projects\\My-Projects\\skild\\dataconnect": could not read connector.yaml at `E:\CODES\Projects\My-Projects\skild\dataconnect\example\connector.yaml`: open E:\CODES\Projects\My-Projects\skild\dataconnect\example\connector.yaml: The system cannot find the path specified.
E0702 18:52:34.292993   24680 watch.go:40] Failed to load config from "E:\\CODES\\Projects\\My-Projects\\skild\\dataconnect": could not read connector.yaml at `E:\CODES\Projects\My-Projects\skild\dataconnect\example\connector.yaml`: open E:\CODES\Projects\My-Projects\skild\dataconnect\example\connector.yaml: The system cannot find the path specified.
E0702 18:52:44.293046   24680 watch.go:40] Failed to load config from "E:\\CODES\\Projects\\My-Projects\\skild\\dataconnect": could not read connector.yaml at `E:\CODES\Projects\My-Projects\skild\dataconnect\example\connector.yaml`: open E:\CODES\Projects\My-Projects\skild\dataconnect\example\connector.yaml: The system cannot find the path specified.
E0702 18:52:54.293361   24680 watch.go:40] Failed to load config from "E:\\CODES\\Projects\\My-Projects\\skild\\dataconnect": could not read connector.yaml at `E:\CODES\Projects\My-Projects\skild\dataconnect\example\connector.yaml`: open E:\CODES\Projects\My-Projects\skild\dataconnect\example\connector.yaml: The system cannot find the path specified.
E0702 18:53:04.293100   24680 watch.go:40] Failed to load config from "E:\\CODES\\Projects\\My-Projects\\skild\\dataconnect": could not read connector.yaml at `E:\CODES\Projects\My-Projects\skild\dataconnect\example\connector.yaml`: open E:\CODES\Projects\My-Projects\skild\dataconnect\example\connector.yaml: The system cannot find the path specified.
E0702 18:53:14.293371   24680 watch.go:40] Failed to load config from "E:\\CODES\\Projects\\My-Projects\\skild\\dataconnect": could not read connector.yaml at `E:\CODES\Projects\My-Projects\skild\dataconnect\example\connector.yaml`: open E:\CODES\Projects\My-Projects\skild\dataconnect\example\connector.yaml: The system cannot find the path specified.
E0702 18:53:24.293158   24680 watch.go:40] Failed to load config from "E:\\CODES\\Projects\\My-Projects\\skild\\dataconnect": could not read connector.yaml at `E:\CODES\Projects\My-Projects\skild\dataconnect\example\connector.yaml`: open E:\CODES\Projects\My-Projects\skild\dataconnect\example\connector.yaml: The system cannot find the path specified.
E0702 18:53:34.293402   24680 watch.go:40] Failed to load config from "E:\\CODES\\Projects\\My-Projects\\skild\\dataconnect": could not read connector.yaml at `E:\CODES\Projects\My-Projects\skild\dataconnect\example\connector.yaml`: open E:\CODES\Projects\My-Projects\skild\dataconnect\example\connector.yaml: The system cannot find the path specified.
E0702 18:53:44.293265   24680 watch.go:40] Failed to load config from "E:\\CODES\\Projects\\My-Projects\\skild\\dataconnect": could not read connector.yaml at `E:\CODES\Projects\My-Projects\skild\dataconnect\example\connector.yaml`: open E:\CODES\Projects\My-Projects\skild\dataconnect\example\connector.yaml: The system cannot find the path specified.
E0702 18:53:54.293352   24680 watch.go:40] Failed to load config from "E:\\CODES\\Projects\\My-Projects\\skild\\dataconnect": could not read connector.yaml at `E:\CODES\Projects\My-Projects\skild\dataconnect\example\connector.yaml`: open E:\CODES\Projects\My-Projects\skild\dataconnect\example\connector.yaml: The system cannot find the path specified.
E0702 18:54:04.293406   24680 watch.go:40] Failed to load config from "E:\\CODES\\Projects\\My-Projects\\skild\\dataconnect": could not read connector.yaml at `E:\CODES\Projects\My-Projects\skild\dataconnect\example\connector.yaml`: open E:\CODES\Projects\My-Projects\skild\dataconnect\example\connector.yaml: The system cannot find the path specified.
E0702 18:54:14.293329   24680 watch.go:40] Failed to load config from "E:\\CODES\\Projects\\My-Projects\\skild\\dataconnect": could not read connector.yaml at `E:\CODES\Projects\My-Projects\skild\dataconnect\example\connector.yaml`: open E:\CODES\Projects\My-Projects\skild\dataconnect\example\connector.yaml: The system cannot find the path specified.
E0702 18:54:24.293138   24680 watch.go:40] Failed to load config from "E:\\CODES\\Projects\\My-Projects\\skild\\dataconnect": could not read connector.yaml at `E:\CODES\Projects\My-Projects\skild\dataconnect\example\connector.yaml`: open E:\CODES\Projects\My-Projects\skild\dataconnect\example\connector.yaml: The system cannot find the path specified.
E0702 18:54:34.293300   24680 watch.go:40] Failed to load config from "E:\\CODES\\Projects\\My-Projects\\skild\\dataconnect": could not read connector.yaml at `E:\CODES\Projects\My-Projects\skild\dataconnect\example\connector.yaml`: open E:\CODES\Projects\My-Projects\skild\dataconnect\example\connector.yaml: The system cannot find the path specified.
E0702 18:54:44.293346   24680 watch.go:40] Failed to load config from "E:\\CODES\\Projects\\My-Projects\\skild\\dataconnect": could not read connector.yaml at `E:\CODES\Projects\My-Projects\skild\dataconnect\example\connector.yaml`: open E:\CODES\Projects\My-Projects\skild\dataconnect\example\connector.yaml: The system cannot find the path specified.
E0702 18:54:54.293263   24680 watch.go:40] Failed to load config from "E:\\CODES\\Projects\\My-Projects\\skild\\dataconnect": could not read connector.yaml at `E:\CODES\Projects\My-Projects\skild\dataconnect\example\connector.yaml`: open E:\CODES\Projects\My-Projects\skild\dataconnect\example\connector.yaml: The system cannot find the path specified.
E0702 18:55:04.293233   24680 watch.go:40] Failed to load config from "E:\\CODES\\Projects\\My-Projects\\skild\\dataconnect": could not read connector.yaml at `E:\CODES\Projects\My-Projects\skild\dataconnect\example\connector.yaml`: open E:\CODES\Projects\My-Projects\skild\dataconnect\example\connector.yaml: The system cannot find the path specified.
E0702 18:55:14.293419   24680 watch.go:40] Failed to load config from "E:\\CODES\\Projects\\My-Projects\\skild\\dataconnect": could not read connector.yaml at `E:\CODES\Projects\My-Projects\skild\dataconnect\example\connector.yaml`: open E:\CODES\Projects\My-Projects\skild\dataconnect\example\connector.yaml: The system cannot find the path specified.
E0702 18:55:24.293111   24680 watch.go:40] Failed to load config from "E:\\CODES\\Projects\\My-Projects\\skild\\dataconnect": could not read connector.yaml at `E:\CODES\Projects\My-Projects\skild\dataconnect\example\connector.yaml`: open E:\CODES\Projects\My-Projects\skild\dataconnect\example\connector.yaml: The system cannot find the path specified.
E0702 18:55:34.292975   24680 watch.go:40] Failed to load config from "E:\\CODES\\Projects\\My-Projects\\skild\\dataconnect": could not read connector.yaml at `E:\CODES\Projects\My-Projects\skild\dataconnect\example\connector.yaml`: open E:\CODES\Projects\My-Projects\skild\dataconnect\example\connector.yaml: The system cannot find the path specified.
E0702 18:55:44.293093   24680 watch.go:40] Failed to load config from "E:\\CODES\\Projects\\My-Projects\\skild\\dataconnect": could not read connector.yaml at `E:\CODES\Projects\My-Projects\skild\dataconnect\example\connector.yaml`: open E:\CODES\Projects\My-Projects\skild\dataconnect\example\connector.yaml: The system cannot find the path specified.
E0702 18:55:54.293318   24680 watch.go:40] Failed to load config from "E:\\CODES\\Projects\\My-Projects\\skild\\dataconnect": could not read connector.yaml at `E:\CODES\Projects\My-Projects\skild\dataconnect\example\connector.yaml`: open E:\CODES\Projects\My-Projects\skild\dataconnect\example\connector.yaml: The system cannot find the path specified.
E0702 18:56:04.293818   24680 watch.go:40] Failed to load config from "E:\\CODES\\Projects\\My-Projects\\skild\\dataconnect": could not read connector.yaml at `E:\CODES\Projects\My-Projects\skild\dataconnect\example\connector.yaml`: open E:\CODES\Projects\My-Projects\skild\dataconnect\example\connector.yaml: The system cannot find the path specified.
E0702 18:56:14.293046   24680 watch.go:40] Failed to load config from "E:\\CODES\\Projects\\My-Projects\\skild\\dataconnect": could not read connector.yaml at `E:\CODES\Projects\My-Projects\skild\dataconnect\example\connector.yaml`: open E:\CODES\Projects\My-Projects\skild\dataconnect\example\connector.yaml: The system cannot find the path specified.
E0702 18:56:24.293201   24680 watch.go:40] Failed to load config from "E:\\CODES\\Projects\\My-Projects\\skild\\dataconnect": could not read connector.yaml at `E:\CODES\Projects\My-Projects\skild\dataconnect\example\connector.yaml`: open E:\CODES\Projects\My-Projects\skild\dataconnect\example\connector.yaml: The system cannot find the path specified.
E0702 18:56:34.293376   24680 watch.go:40] Failed to load config from "E:\\CODES\\Projects\\My-Projects\\skild\\dataconnect": could not read connector.yaml at `E:\CODES\Projects\My-Projects\skild\dataconnect\example\connector.yaml`: open E:\CODES\Projects\My-Projects\skild\dataconnect\example\connector.yaml: The system cannot find the path specified.
E0702 18:56:44.293135   24680 watch.go:40] Failed to load config from "E:\\CODES\\Projects\\My-Projects\\skild\\dataconnect": could not read connector.yaml at `E:\CODES\Projects\My-Projects\skild\dataconnect\example\connector.yaml`: open E:\CODES\Projects\My-Projects\skild\dataconnect\example\connector.yaml: The system cannot find the path specified.
E0702 18:56:54.293137   24680 watch.go:40] Failed to load config from "E:\\CODES\\Projects\\My-Projects\\skild\\dataconnect": could not read connector.yaml at `E:\CODES\Projects\My-Projects\skild\dataconnect\example\connector.yaml`: open E:\CODES\Projects\My-Projects\skild\dataconnect\example\connector.yaml: The system cannot find the path specified.
I0702 18:57:04.293805   24680 load.go:31] Reloading schema and connectors...
W0702 18:57:04.420774   24680 control.go:74] [projects/emulator/locations/emulator/services/skild-f53ec-service a50f] connector "example" has errors: connectors\queries.gql:2:9: Value "Public" does not exist in "AccessLevel" enum. Did you mean the enum value "PUBLIC"?

sources: connectors\queries.gql [834B] 
I0702 18:57:04.420774   24680 control.go:100] [projects/emulator/locations/emulator/services/skild-f53ec-service a50f] UpdateResources(): done
Main schema: sources: schema\schema.gql [908B] 
Connector "example": sources: connectors\queries.gql [834B] 
E0702 18:57:04.421258   24680 load.go:73] Could not load sources: 
Errors: connectors\queries.gql:2:9: Value "Public" does not exist in "AccessLevel" enum. Did you mean the enum value "PUBLIC"?
I0702 18:57:04.422648   24680 collector.go:107] schema extensions wrote into "E:\\CODES\\Projects\\My-Projects\\skild\\dataconnect\\.dataconnect\\schema"
Generated sources: main\mutation.gql [6444B] prelude.gql [84995B] main\implicit.gql [266B] main\input.gql [16145B] main\relation.gql [6578B] main\query.gql [2404B] 
I0702 18:57:04.422648   24680 load.go:74] Finished reloading
I0702 18:57:34.293875   24680 load.go:31] Reloading schema and connectors...
I0702 18:57:34.433941   24680 control.go:100] [projects/emulator/locations/emulator/services/skild-f53ec-service 4921] UpdateResources(): done
Main schema: sources: schema\schema.gql [908B] 
Connector "example": sources: connectors\queries.gql [834B] 
I0702 18:57:34.443177   24680 codegen.go:101] [connector "example" javascriptSdk] Generating sources into "E:\\CODES\\Projects\\My-Projects\\skild\\src\\dataconnect-generated"
I0702 18:57:34.458272   24680 collector.go:107] schema extensions wrote into "E:\\CODES\\Projects\\My-Projects\\skild\\dataconnect\\.dataconnect\\schema"
Generated sources: main\implicit.gql [266B] main\input.gql [16145B] main\relation.gql [6578B] main\query.gql [2404B] main\mutation.gql [6444B] prelude.gql [84995B] 
I0702 18:57:34.468958   24680 collector.go:107] connector "example" javascriptSdk wrote into "E:\\CODES\\Projects\\My-Projects\\skild\\src\\dataconnect-generated"
Generated sources: index.d.ts [1661B] index.cjs.js [1099B] react\esm\package.json [17B] react\README.md [12918B] .guides/setup.md [1682B] .guides/config.json [236B] esm\package.json [17B] package.json [853B] README.md [8682B] react\package.json [460B] react\index.d.ts [690B] react\esm\index.esm.js [581B] .guides/usage.md [1571B] esm\index.esm.js [969B] react\index.cjs.js [605B] 
I0702 18:57:34.503153   24680 installsdk.go:86] Running command: C:\Users\Lolog\AppData\Roaming\npm\pnpm.cmd link src\dataconnect-generated
E0702 18:57:35.867039   24680 installsdk.go:88] Failed to install package: exit status 1
I0702 18:57:35.867039   24680 load.go:109] Finished reloading
