[debug] [2026-07-02T14:28:06.721Z] [Firebase Plugin] Activating Firebase extension.
[info] [Firebase Plugin] Checked firebase-tools, is up to date!
[debug] [2026-07-02T14:28:08.720Z] [Firebase Plugin] requireAuthWrapper
[debug] [2026-07-02T14:28:08.731Z] > command requires scopes: ["email","openid","https://www.googleapis.com/auth/cloudplatformprojects.readonly","https://www.googleapis.com/auth/firebase","https://www.googleapis.com/auth/cloud-platform"]
[debug] [2026-07-02T14:28:08.731Z] > authorizing via signed-in user (mohamedgbr20233@gmail.com)
[debug] [2026-07-02T14:28:08.736Z] Checked if tokens are valid: true, expires at: 1783005635351
[debug] [2026-07-02T14:28:08.736Z] Checked if tokens are valid: true, expires at: 1783005635351
[debug] [2026-07-02T14:28:08.736Z] [Firebase Plugin] User found:  mohamedgbr20233@gmail.com
[info] [Firebase Plugin] (Core:Project) New user detected, fetching projects
[debug] [2026-07-02T14:28:08.737Z] Checked if tokens are valid: true, expires at: 1783005635351
[debug] [2026-07-02T14:28:08.738Z] >>> [apiv2][query] GET https://firebase.googleapis.com/v1beta1/projects pageSize=1000
[debug] [2026-07-02T14:28:08.760Z] [Firebase Plugin] VSCode notification server listening on port 40001
[info] [Firebase Plugin] Starting SQL Connect toolkit (version 3.4.11) on port 50001
[info] i  dataconnect: downloading dataconnect-emulator-3.4.11.exe... {"metadata":{"emulator":{"name":"dataconnect"},"message":"downloading dataconnect-emulator-3.4.11.exe..."}}
[debug] [2026-07-02T14:28:08.986Z] >>> [apiv2][query] GET https://storage.googleapis.com/firemat-preview-drop/emulator/dataconnect-emulator-windows-amd64-v3.4.11 
[debug] [2026-07-02T14:28:09.509Z] <<< [apiv2][status] GET https://firebase.googleapis.com/v1beta1/projects 200
[debug] [2026-07-02T14:28:09.510Z] <<< [apiv2][body] GET https://firebase.googleapis.com/v1beta1/projects [omitted]
[debug] [2026-07-02T14:28:10.137Z] <<< [apiv2][status] GET https://storage.googleapis.com/firemat-preview-drop/emulator/dataconnect-emulator-windows-amd64-v3.4.11 200
[debug] [2026-07-02T14:28:10.138Z] <<< [apiv2][body] GET https://storage.googleapis.com/firemat-preview-drop/emulator/dataconnect-emulator-windows-amd64-v3.4.11 [stream]
[info] i  dataconnect: Removing outdated emulator files: dataconnect-emulator-3.4.14.exe {"metadata":{"emulator":{"name":"dataconnect"},"message":"Removing outdated emulator files: dataconnect-emulator-3.4.14.exe"}}
[debug] [2026-07-02T14:28:20.568Z] I0702 17:28:20.562032   21828 control.go:100] [projects/emulator/locations/emulator/services/skild-f53ec-service 7dd4] UpdateResources(): done
Main schema: sources: schema\schema.gql [0B] 
Connector "example": sources: 
 {"metadata":{"emulator":{"name":"dataconnect"},"message":"I0702 17:28:20.562032   21828 control.go:100] [projects/emulator/locations/emulator/services/skild-f53ec-service 7dd4] UpdateResources(): done\nMain schema: sources: schema\\schema.gql [0B] \nConnector \"example\": sources: \n"}}
[debug] [2026-07-02T14:28:20.569Z] Ignoring unsupported arg: auto_download {"metadata":{"emulator":{"name":"dataconnect"},"message":"Ignoring unsupported arg: auto_download"}}
[debug] [2026-07-02T14:28:20.569Z] Ignoring unsupported arg: port {"metadata":{"emulator":{"name":"dataconnect"},"message":"Ignoring unsupported arg: port"}}
[debug] [2026-07-02T14:28:20.569Z] Starting SQL Connect Emulator with command {"binary":"C:\\Users\\Lolog\\.cache\\firebase\\emulators\\dataconnect-emulator-3.4.11.exe","args":["--logtostderr","-v=2","dev","--listen=localhost:50001","--config_dir=e:\\CODES\\Projects\\My-Projects\\skild\\dataconnect","--enable_output_schema_extensions=true","--enable_output_generated_sdk=true"],"optionalArgs":["listen","config_dir","enable_output_schema_extensions","enable_output_generated_sdk"],"joinArgs":true,"shell":false,"port":9399} {"metadata":{"emulator":{"name":"dataconnect"},"message":"Starting SQL Connect Emulator with command {\"binary\":\"C:\\\\Users\\\\Lolog\\\\.cache\\\\firebase\\\\emulators\\\\dataconnect-emulator-3.4.11.exe\",\"args\":[\"--logtostderr\",\"-v=2\",\"dev\",\"--listen=localhost:50001\",\"--config_dir=e:\\\\CODES\\\\Projects\\\\My-Projects\\\\skild\\\\dataconnect\",\"--enable_output_schema_extensions=true\",\"--enable_output_generated_sdk=true\"],\"optionalArgs\":[\"listen\",\"config_dir\",\"enable_output_schema_extensions\",\"enable_output_generated_sdk\"],\"joinArgs\":true,\"shell\":false,\"port\":9399}"}}
[info] i  dataconnect: SQL Connect Emulator logging to dataconnect-debug.log {"metadata":{"emulator":{"name":"dataconnect"},"message":"SQL Connect Emulator logging to \u001b[1mdataconnect-debug.log\u001b[22m"}}
[debug] [2026-07-02T14:28:20.601Z] I0702 17:28:20.600900   21608 load.go:31] Reloading schema and connectors...
 {"metadata":{"emulator":{"name":"dataconnect"},"message":"I0702 17:28:20.600900   21608 load.go:31] Reloading schema and connectors...\n"}}
[debug] [2026-07-02T14:28:20.605Z] I0702 17:28:20.605063   21608 control.go:100] [projects/emulator/locations/emulator/services/skild-f53ec-service 1e30] UpdateResources(): done
Main schema: sources: schema\schema.gql [0B] 
Connector "example": sources: 
 {"metadata":{"emulator":{"name":"dataconnect"},"message":"I0702 17:28:20.605063   21608 control.go:100] [projects/emulator/locations/emulator/services/skild-f53ec-service 1e30] UpdateResources(): done\nMain schema: sources: schema\\schema.gql [0B] \nConnector \"example\": sources: \n"}}
[debug] [2026-07-02T14:28:20.608Z] E0702 17:28:20.608794   21608 load.go:95] Errors generating SDK: [connector "example"]: invalid Data Connect Connector no query found in connector
 {"metadata":{"emulator":{"name":"dataconnect"},"message":"E0702 17:28:20.608794   21608 load.go:95] Errors generating SDK: [connector \"example\"]: invalid Data Connect Connector no query found in connector\n"}}
[debug] [2026-07-02T14:28:20.610Z] I0702 17:28:20.610371   21608 collector.go:107] schema extensions wrote into "e:\\CODES\\Projects\\My-Projects\\skild\\dataconnect\\.dataconnect\\schema"
Generated sources: prelude.gql [84995B] 
I0702 17:28:20.610371   21608 load.go:109] Finished reloading
 {"metadata":{"emulator":{"name":"dataconnect"},"message":"I0702 17:28:20.610371   21608 collector.go:107] schema extensions wrote into \"e:\\\\CODES\\\\Projects\\\\My-Projects\\\\skild\\\\dataconnect\\\\.dataconnect\\\\schema\"\nGenerated sources: prelude.gql [84995B] \nI0702 17:28:20.610371   21608 load.go:109] Finished reloading\n"}}
[debug] [2026-07-02T14:28:20.617Z] I0702 17:28:20.617769   21608 dev.go:104] Listening on address (HTTP + gRPC): 127.0.0.1:50001
 {"metadata":{"emulator":{"name":"dataconnect"},"message":"I0702 17:28:20.617769   21608 dev.go:104] Listening on address (HTTP + gRPC): 127.0.0.1:50001\n"}}
[debug] [2026-07-02T14:28:20.830Z] I0702 17:28:20.830486   21608 engine.go:209] [projects/emulator/locations/emulator/services/skild-f53ec-service 1e30] ExecuteGraphqlRead query IntrospectionQuery: succeeded. 
 {"metadata":{"emulator":{"name":"dataconnect"},"message":"I0702 17:28:20.830486   21608 engine.go:209] [projects/emulator/locations/emulator/services/skild-f53ec-service 1e30] ExecuteGraphqlRead query IntrospectionQuery: succeeded. \n"}}
